 nnx          64
 Deg           7
 IT           0
 NV          80
 Tau  1.000000000000000E-004
 BC           0
 Init_Var          80          64           8
 gauleg           8   3.14159265358979     
  dt=   8.762437938220942E-006 gamma  0.250000000000000     
 Init State          64           8          80
 T is Negative          33           7
